../Src/main.c:77:6:HAL_I2S_RxHalfCpltCallback	16	static
../Src/main.c:90:5:main	8	static
../Src/main.c:126:6:SystemClock_Config	88	static
../Src/main.c:175:6:PeriphCommonClock_Config	144	static
../Src/main.c:199:13:MX_I2C1_Init	8	static
../Src/main.c:247:13:MX_I2S2_Init	8	static
../Src/main.c:280:13:MX_I2S3_Init	8	static
../Src/main.c:313:13:MX_USART3_UART_Init	8	static
../Src/main.c:348:13:MX_USB_OTG_FS_PCD_Init	8	static
../Src/main.c:381:13:MX_DMA_Init	16	static
../Src/main.c:402:13:MX_GPIO_Init	56	static
../Src/main.c:492:6:Error_Handler	4	static,ignoring_inline_asm
