../Src/main.c:229:5:main	16	static
../Src/main.c:280:6:SystemClock_Config	88	static
../Src/main.c:329:6:PeriphCommonClock_Config	144	static
../Src/main.c:353:13:MX_I2C1_Init	8	static
../Src/main.c:401:13:MX_I2S2_Init	8	static
../Src/main.c:434:13:MX_I2S3_Init	8	static
../Src/main.c:467:13:MX_USART3_UART_Init	8	static
../Src/main.c:502:13:MX_USB_OTG_FS_PCD_Init	8	static
../Src/main.c:535:13:MX_DMA_Init	16	static
../Src/main.c:556:13:MX_GPIO_Init	56	static
../Src/main.c:646:6:Error_Handler	4	static,ignoring_inline_asm
